// Jest Snapshot v1, https://goo.gl/fbAQLP

exports[`renders Modal 1`] = `
ShallowWrapper {
  "length": 1,
  Symbol(enzyme.__root__): [Circular],
  Symbol(enzyme.__unrendered__): <Modal />,
  Symbol(enzyme.__renderer__): Object {
    "batchedUpdates": [Function],
    "getNode": [Function],
    "render": [Function],
    "simulateEvent": [Function],
    "unmount": [Function],
  },
  Symbol(enzyme.__node__): Object {
    "instance": null,
    "key": undefined,
    "nodeType": "host",
    "props": Object {
      "children": Array [
        <button
          className="modal-btn"
          name="button"
          type="button"
>
          <i
                    className="material-icons md-14"
                    onClick={[Function]}
                    role="button"
                    tabIndex={0}
          >
                    info_outline
          </i>
</button>,
        <dialog
          className="modal-about"
          open={false}
>
          <button
                    className="modal-cancel"
                    name="button"
                    type="button"
          >
                    <i
                              className="material-icons sm-12"
                              onClick={[Function]}
                              role="button"
                              tabIndex={0}
                    >
                              clear
                    </i>
          </button>
          <h4
                    className="modal-title"
          >
                    Tribute Page
          </h4>
          <p
                    className="modal-text"
          >
                    This is a basic Front End Developer project from the FreeCodeCamp curriculum. The user stories to be completed are:
          </p>
          <ul
                    className="user-stories"
          >
                    <li
                              className="story"
                    >
                              I can view a tribute page with an image and text.
                    </li>
                    <li
                              className="story"
                    >
                              I can click on a link that will take me to an external website with further information on the topic.
                    </li>
          </ul>
          <p
                    className="modal-text"
          >
                    This project was coded in React using Create-React-App. The code can be seen on
                    <a
                              className="ghLink"
                              href="https://github.com/D-Pagey/Tribute"
                              rel="noreferrer noopener"
                              target="_blank"
                    >
                               Github
                    </a>
                    .
          </p>
</dialog>,
      ],
      "className": "modal-container",
    },
    "ref": null,
    "rendered": Array [
      Object {
        "instance": null,
        "key": undefined,
        "nodeType": "host",
        "props": Object {
          "children": <i
            className="material-icons md-14"
            onClick={[Function]}
            role="button"
            tabIndex={0}
>
            info_outline
</i>,
          "className": "modal-btn",
          "name": "button",
          "type": "button",
        },
        "ref": null,
        "rendered": Object {
          "instance": null,
          "key": undefined,
          "nodeType": "host",
          "props": Object {
            "children": "info_outline",
            "className": "material-icons md-14",
            "onClick": [Function],
            "role": "button",
            "tabIndex": 0,
          },
          "ref": null,
          "rendered": "info_outline",
          "type": "i",
        },
        "type": "button",
      },
      Object {
        "instance": null,
        "key": undefined,
        "nodeType": "host",
        "props": Object {
          "children": Array [
            <button
              className="modal-cancel"
              name="button"
              type="button"
>
              <i
                            className="material-icons sm-12"
                            onClick={[Function]}
                            role="button"
                            tabIndex={0}
              >
                            clear
              </i>
</button>,
            <h4
              className="modal-title"
>
              Tribute Page
</h4>,
            <p
              className="modal-text"
>
              This is a basic Front End Developer project from the FreeCodeCamp curriculum. The user stories to be completed are:
</p>,
            <ul
              className="user-stories"
>
              <li
                            className="story"
              >
                            I can view a tribute page with an image and text.
              </li>
              <li
                            className="story"
              >
                            I can click on a link that will take me to an external website with further information on the topic.
              </li>
</ul>,
            <p
              className="modal-text"
>
              This project was coded in React using Create-React-App. The code can be seen on
              <a
                            className="ghLink"
                            href="https://github.com/D-Pagey/Tribute"
                            rel="noreferrer noopener"
                            target="_blank"
              >
                             Github
              </a>
              .
</p>,
          ],
          "className": "modal-about",
          "open": false,
        },
        "ref": null,
        "rendered": Array [
          Object {
            "instance": null,
            "key": undefined,
            "nodeType": "host",
            "props": Object {
              "children": <i
                className="material-icons sm-12"
                onClick={[Function]}
                role="button"
                tabIndex={0}
>
                clear
</i>,
              "className": "modal-cancel",
              "name": "button",
              "type": "button",
            },
            "ref": null,
            "rendered": Object {
              "instance": null,
              "key": undefined,
              "nodeType": "host",
              "props": Object {
                "children": "clear",
                "className": "material-icons sm-12",
                "onClick": [Function],
                "role": "button",
                "tabIndex": 0,
              },
              "ref": null,
              "rendered": "clear",
              "type": "i",
            },
            "type": "button",
          },
          Object {
            "instance": null,
            "key": undefined,
            "nodeType": "host",
            "props": Object {
              "children": "Tribute Page",
              "className": "modal-title",
            },
            "ref": null,
            "rendered": "Tribute Page",
            "type": "h4",
          },
          Object {
            "instance": null,
            "key": undefined,
            "nodeType": "host",
            "props": Object {
              "children": "This is a basic Front End Developer project from the FreeCodeCamp curriculum. The user stories to be completed are:",
              "className": "modal-text",
            },
            "ref": null,
            "rendered": "This is a basic Front End Developer project from the FreeCodeCamp curriculum. The user stories to be completed are:",
            "type": "p",
          },
          Object {
            "instance": null,
            "key": undefined,
            "nodeType": "host",
            "props": Object {
              "children": Array [
                <li
                  className="story"
>
                  I can view a tribute page with an image and text.
</li>,
                <li
                  className="story"
>
                  I can click on a link that will take me to an external website with further information on the topic.
</li>,
              ],
              "className": "user-stories",
            },
            "ref": null,
            "rendered": Array [
              Object {
                "instance": null,
                "key": undefined,
                "nodeType": "host",
                "props": Object {
                  "children": "I can view a tribute page with an image and text.",
                  "className": "story",
                },
                "ref": null,
                "rendered": "I can view a tribute page with an image and text.",
                "type": "li",
              },
              Object {
                "instance": null,
                "key": undefined,
                "nodeType": "host",
                "props": Object {
                  "children": "I can click on a link that will take me to an external website with further information on the topic.",
                  "className": "story",
                },
                "ref": null,
                "rendered": "I can click on a link that will take me to an external website with further information on the topic.",
                "type": "li",
              },
            ],
            "type": "ul",
          },
          Object {
            "instance": null,
            "key": undefined,
            "nodeType": "host",
            "props": Object {
              "children": Array [
                "This project was coded in React using Create-React-App. The code can be seen on",
                <a
                  className="ghLink"
                  href="https://github.com/D-Pagey/Tribute"
                  rel="noreferrer noopener"
                  target="_blank"
>
                   Github
</a>,
                ".",
              ],
              "className": "modal-text",
            },
            "ref": null,
            "rendered": Array [
              "This project was coded in React using Create-React-App. The code can be seen on",
              Object {
                "instance": null,
                "key": undefined,
                "nodeType": "host",
                "props": Object {
                  "children": " Github",
                  "className": "ghLink",
                  "href": "https://github.com/D-Pagey/Tribute",
                  "rel": "noreferrer noopener",
                  "target": "_blank",
                },
                "ref": null,
                "rendered": " Github",
                "type": "a",
              },
              ".",
            ],
            "type": "p",
          },
        ],
        "type": "dialog",
      },
    ],
    "type": "div",
  },
  Symbol(enzyme.__nodes__): Array [
    Object {
      "instance": null,
      "key": undefined,
      "nodeType": "host",
      "props": Object {
        "children": Array [
          <button
            className="modal-btn"
            name="button"
            type="button"
>
            <i
                        className="material-icons md-14"
                        onClick={[Function]}
                        role="button"
                        tabIndex={0}
            >
                        info_outline
            </i>
</button>,
          <dialog
            className="modal-about"
            open={false}
>
            <button
                        className="modal-cancel"
                        name="button"
                        type="button"
            >
                        <i
                                    className="material-icons sm-12"
                                    onClick={[Function]}
                                    role="button"
                                    tabIndex={0}
                        >
                                    clear
                        </i>
            </button>
            <h4
                        className="modal-title"
            >
                        Tribute Page
            </h4>
            <p
                        className="modal-text"
            >
                        This is a basic Front End Developer project from the FreeCodeCamp curriculum. The user stories to be completed are:
            </p>
            <ul
                        className="user-stories"
            >
                        <li
                                    className="story"
                        >
                                    I can view a tribute page with an image and text.
                        </li>
                        <li
                                    className="story"
                        >
                                    I can click on a link that will take me to an external website with further information on the topic.
                        </li>
            </ul>
            <p
                        className="modal-text"
            >
                        This project was coded in React using Create-React-App. The code can be seen on
                        <a
                                    className="ghLink"
                                    href="https://github.com/D-Pagey/Tribute"
                                    rel="noreferrer noopener"
                                    target="_blank"
                        >
                                     Github
                        </a>
                        .
            </p>
</dialog>,
        ],
        "className": "modal-container",
      },
      "ref": null,
      "rendered": Array [
        Object {
          "instance": null,
          "key": undefined,
          "nodeType": "host",
          "props": Object {
            "children": <i
              className="material-icons md-14"
              onClick={[Function]}
              role="button"
              tabIndex={0}
>
              info_outline
</i>,
            "className": "modal-btn",
            "name": "button",
            "type": "button",
          },
          "ref": null,
          "rendered": Object {
            "instance": null,
            "key": undefined,
            "nodeType": "host",
            "props": Object {
              "children": "info_outline",
              "className": "material-icons md-14",
              "onClick": [Function],
              "role": "button",
              "tabIndex": 0,
            },
            "ref": null,
            "rendered": "info_outline",
            "type": "i",
          },
          "type": "button",
        },
        Object {
          "instance": null,
          "key": undefined,
          "nodeType": "host",
          "props": Object {
            "children": Array [
              <button
                className="modal-cancel"
                name="button"
                type="button"
>
                <i
                                className="material-icons sm-12"
                                onClick={[Function]}
                                role="button"
                                tabIndex={0}
                >
                                clear
                </i>
</button>,
              <h4
                className="modal-title"
>
                Tribute Page
</h4>,
              <p
                className="modal-text"
>
                This is a basic Front End Developer project from the FreeCodeCamp curriculum. The user stories to be completed are:
</p>,
              <ul
                className="user-stories"
>
                <li
                                className="story"
                >
                                I can view a tribute page with an image and text.
                </li>
                <li
                                className="story"
                >
                                I can click on a link that will take me to an external website with further information on the topic.
                </li>
</ul>,
              <p
                className="modal-text"
>
                This project was coded in React using Create-React-App. The code can be seen on
                <a
                                className="ghLink"
                                href="https://github.com/D-Pagey/Tribute"
                                rel="noreferrer noopener"
                                target="_blank"
                >
                                 Github
                </a>
                .
</p>,
            ],
            "className": "modal-about",
            "open": false,
          },
          "ref": null,
          "rendered": Array [
            Object {
              "instance": null,
              "key": undefined,
              "nodeType": "host",
              "props": Object {
                "children": <i
                  className="material-icons sm-12"
                  onClick={[Function]}
                  role="button"
                  tabIndex={0}
>
                  clear
</i>,
                "className": "modal-cancel",
                "name": "button",
                "type": "button",
              },
              "ref": null,
              "rendered": Object {
                "instance": null,
                "key": undefined,
                "nodeType": "host",
                "props": Object {
                  "children": "clear",
                  "className": "material-icons sm-12",
                  "onClick": [Function],
                  "role": "button",
                  "tabIndex": 0,
                },
                "ref": null,
                "rendered": "clear",
                "type": "i",
              },
              "type": "button",
            },
            Object {
              "instance": null,
              "key": undefined,
              "nodeType": "host",
              "props": Object {
                "children": "Tribute Page",
                "className": "modal-title",
              },
              "ref": null,
              "rendered": "Tribute Page",
              "type": "h4",
            },
            Object {
              "instance": null,
              "key": undefined,
              "nodeType": "host",
              "props": Object {
                "children": "This is a basic Front End Developer project from the FreeCodeCamp curriculum. The user stories to be completed are:",
                "className": "modal-text",
              },
              "ref": null,
              "rendered": "This is a basic Front End Developer project from the FreeCodeCamp curriculum. The user stories to be completed are:",
              "type": "p",
            },
            Object {
              "instance": null,
              "key": undefined,
              "nodeType": "host",
              "props": Object {
                "children": Array [
                  <li
                    className="story"
>
                    I can view a tribute page with an image and text.
</li>,
                  <li
                    className="story"
>
                    I can click on a link that will take me to an external website with further information on the topic.
</li>,
                ],
                "className": "user-stories",
              },
              "ref": null,
              "rendered": Array [
                Object {
                  "instance": null,
                  "key": undefined,
                  "nodeType": "host",
                  "props": Object {
                    "children": "I can view a tribute page with an image and text.",
                    "className": "story",
                  },
                  "ref": null,
                  "rendered": "I can view a tribute page with an image and text.",
                  "type": "li",
                },
                Object {
                  "instance": null,
                  "key": undefined,
                  "nodeType": "host",
                  "props": Object {
                    "children": "I can click on a link that will take me to an external website with further information on the topic.",
                    "className": "story",
                  },
                  "ref": null,
                  "rendered": "I can click on a link that will take me to an external website with further information on the topic.",
                  "type": "li",
                },
              ],
              "type": "ul",
            },
            Object {
              "instance": null,
              "key": undefined,
              "nodeType": "host",
              "props": Object {
                "children": Array [
                  "This project was coded in React using Create-React-App. The code can be seen on",
                  <a
                    className="ghLink"
                    href="https://github.com/D-Pagey/Tribute"
                    rel="noreferrer noopener"
                    target="_blank"
>
                     Github
</a>,
                  ".",
                ],
                "className": "modal-text",
              },
              "ref": null,
              "rendered": Array [
                "This project was coded in React using Create-React-App. The code can be seen on",
                Object {
                  "instance": null,
                  "key": undefined,
                  "nodeType": "host",
                  "props": Object {
                    "children": " Github",
                    "className": "ghLink",
                    "href": "https://github.com/D-Pagey/Tribute",
                    "rel": "noreferrer noopener",
                    "target": "_blank",
                  },
                  "ref": null,
                  "rendered": " Github",
                  "type": "a",
                },
                ".",
              ],
              "type": "p",
            },
          ],
          "type": "dialog",
        },
      ],
      "type": "div",
    },
  ],
  Symbol(enzyme.__options__): Object {
    "adapter": ReactSixteenAdapter {
      "options": Object {
        "enableComponentDidUpdateOnSetState": true,
      },
    },
  },
}
`;
