// Jest Snapshot v1, https://goo.gl/fbAQLP

exports[`render a footer 1`] = `
ShallowWrapper {
  "length": 1,
  Symbol(enzyme.__root__): [Circular],
  Symbol(enzyme.__unrendered__): <Footer />,
  Symbol(enzyme.__renderer__): Object {
    "batchedUpdates": [Function],
    "getNode": [Function],
    "render": [Function],
    "simulateEvent": [Function],
    "unmount": [Function],
  },
  Symbol(enzyme.__node__): Object {
    "instance": null,
    "key": undefined,
    "nodeType": "host",
    "props": Object {
      "children": Array [
        <button
          className="more-info"
          type="button"
>
          <a
                    className="link"
                    href="https://en.wikipedia.org/wiki/Chris_Sharma"
                    rel="noreferrer noopener"
                    target="_blank"
          >
                    More Info
          </a>
</button>,
        <p
          className="signature"
>
          Written and coded by
          <a
                    className="freecodecamp"
                    href="https://www.freecodecamp.org/d-pagey"
                    rel="noreferrer noopener"
                    target="_blank"
          >
                     Pagey
          </a>
</p>,
      ],
      "className": "footer",
    },
    "ref": null,
    "rendered": Array [
      Object {
        "instance": null,
        "key": undefined,
        "nodeType": "host",
        "props": Object {
          "children": <a
            className="link"
            href="https://en.wikipedia.org/wiki/Chris_Sharma"
            rel="noreferrer noopener"
            target="_blank"
>
            More Info
</a>,
          "className": "more-info",
          "type": "button",
        },
        "ref": null,
        "rendered": Object {
          "instance": null,
          "key": undefined,
          "nodeType": "host",
          "props": Object {
            "children": "More Info",
            "className": "link",
            "href": "https://en.wikipedia.org/wiki/Chris_Sharma",
            "rel": "noreferrer noopener",
            "target": "_blank",
          },
          "ref": null,
          "rendered": "More Info",
          "type": "a",
        },
        "type": "button",
      },
      Object {
        "instance": null,
        "key": undefined,
        "nodeType": "host",
        "props": Object {
          "children": Array [
            "Written and coded by",
            <a
              className="freecodecamp"
              href="https://www.freecodecamp.org/d-pagey"
              rel="noreferrer noopener"
              target="_blank"
>
               Pagey
</a>,
          ],
          "className": "signature",
        },
        "ref": null,
        "rendered": Array [
          "Written and coded by",
          Object {
            "instance": null,
            "key": undefined,
            "nodeType": "host",
            "props": Object {
              "children": " Pagey",
              "className": "freecodecamp",
              "href": "https://www.freecodecamp.org/d-pagey",
              "rel": "noreferrer noopener",
              "target": "_blank",
            },
            "ref": null,
            "rendered": " Pagey",
            "type": "a",
          },
        ],
        "type": "p",
      },
    ],
    "type": "div",
  },
  Symbol(enzyme.__nodes__): Array [
    Object {
      "instance": null,
      "key": undefined,
      "nodeType": "host",
      "props": Object {
        "children": Array [
          <button
            className="more-info"
            type="button"
>
            <a
                        className="link"
                        href="https://en.wikipedia.org/wiki/Chris_Sharma"
                        rel="noreferrer noopener"
                        target="_blank"
            >
                        More Info
            </a>
</button>,
          <p
            className="signature"
>
            Written and coded by
            <a
                        className="freecodecamp"
                        href="https://www.freecodecamp.org/d-pagey"
                        rel="noreferrer noopener"
                        target="_blank"
            >
                         Pagey
            </a>
</p>,
        ],
        "className": "footer",
      },
      "ref": null,
      "rendered": Array [
        Object {
          "instance": null,
          "key": undefined,
          "nodeType": "host",
          "props": Object {
            "children": <a
              className="link"
              href="https://en.wikipedia.org/wiki/Chris_Sharma"
              rel="noreferrer noopener"
              target="_blank"
>
              More Info
</a>,
            "className": "more-info",
            "type": "button",
          },
          "ref": null,
          "rendered": Object {
            "instance": null,
            "key": undefined,
            "nodeType": "host",
            "props": Object {
              "children": "More Info",
              "className": "link",
              "href": "https://en.wikipedia.org/wiki/Chris_Sharma",
              "rel": "noreferrer noopener",
              "target": "_blank",
            },
            "ref": null,
            "rendered": "More Info",
            "type": "a",
          },
          "type": "button",
        },
        Object {
          "instance": null,
          "key": undefined,
          "nodeType": "host",
          "props": Object {
            "children": Array [
              "Written and coded by",
              <a
                className="freecodecamp"
                href="https://www.freecodecamp.org/d-pagey"
                rel="noreferrer noopener"
                target="_blank"
>
                 Pagey
</a>,
            ],
            "className": "signature",
          },
          "ref": null,
          "rendered": Array [
            "Written and coded by",
            Object {
              "instance": null,
              "key": undefined,
              "nodeType": "host",
              "props": Object {
                "children": " Pagey",
                "className": "freecodecamp",
                "href": "https://www.freecodecamp.org/d-pagey",
                "rel": "noreferrer noopener",
                "target": "_blank",
              },
              "ref": null,
              "rendered": " Pagey",
              "type": "a",
            },
          ],
          "type": "p",
        },
      ],
      "type": "div",
    },
  ],
  Symbol(enzyme.__options__): Object {
    "adapter": ReactSixteenAdapter {
      "options": Object {
        "enableComponentDidUpdateOnSetState": true,
      },
    },
  },
}
`;
